[
  {
    "type": "heading",
    "level": 1,
    "text": "4.1.5.4. BHT (Branch History Table) submodule",
    "page": 1,
    "token_count": 8,
    "file_path": "src/mcp_doc_retriever/context7/pdf_extractor/input/BHT_CV32A65X.pdf",
    "extraction_date": "2025-04-21T00:00:00.000000",
    "source": "marker",
    "section_path": [
      "4.1.5.4. BHT (Branch History Table) submodule"
    ],
    "section_id": "1"
  },
  {
    "type": "text",
    "text": "BHT is implemented as a memory which is composed of BHTDepth configuration parameter entries. The lower address bits of the virtual address point to the memory entry.",
    "page": 1,
    "token_count": 22,
    "file_path": "src/mcp_doc_retriever/context7/pdf_extractor/input/BHT_CV32A65X.pdf",
    "extraction_date": "2025-04-21T00:00:00.000000",
    "source": "marker",
    "section_path": [
      "4.1.5.4. BHT (Branch History Table) submodule"
    ],
    "section_id": "2"
  },
  {
    "type": "text",
    "text": "When a branch instruction is resolved by the EX_STAGE module, the branch PC and the taken (or not taken) status information is stored in the Branch History Table.",
    "page": 1,
    "token_count": 25,
    "file_path": "src/mcp_doc_retriever/context7/pdf_extractor/input/BHT_CV32A65X.pdf",
    "extraction_date": "2025-04-21T00:00:00.000000",
    "source": "marker",
    "section_path": [
      "4.1.5.4. BHT (Branch History Table) submodule"
    ],
    "section_id": "3"
  },
  {
    "type": "text",
    "text": "The Branch History Table is a table of two-bit saturating counters that takes the virtual address of the current fetched instruction by the CACHE. It states whether the current branch request should be taken or not. The two bit counter is updated by the successive execution of the instructions as shown in the following figure.",
    "page": 1,
    "token_count": 49,
    "file_path": "src/mcp_doc_retriever/context7/pdf_extractor/input/BHT_CV32A65X.pdf",
    "extraction_date": "2025-04-21T00:00:00.000000",
    "source": "marker",
    "section_path": [
      "4.1.5.4. BHT (Branch History Table) submodule"
    ],
    "section_id": "4"
  },
  {
    "type": "text",
    "text": "When a branch instruction is pre-decoded by instr_scan submodule, the BHT valids whether the PC address is in the BHT and provides the taken or not prediction.",
    "page": 1,
    "token_count": 25,
    "file_path": "src/mcp_doc_retriever/context7/pdf_extractor/input/BHT_CV32A65X.pdf",
    "extraction_date": "2025-04-21T00:00:00.000000",
    "source": "marker",
    "section_path": [
      "4.1.5.4. BHT (Branch History Table) submodule"
    ],
    "section_id": "5"
  },
  {
    "type": "text",
    "text": "The BHT is never flushed.",
    "page": 1,
    "token_count": 6,
    "file_path": "src/mcp_doc_retriever/context7/pdf_extractor/input/BHT_CV32A65X.pdf",
    "extraction_date": "2025-04-21T00:00:00.000000",
    "source": "marker",
    "section_path": [
      "4.1.5.4. BHT (Branch History Table) submodule"
    ],
    "section_id": "6"
  },
  {
    "type": "table",
    "page_range": "1-2",
    "is_multi_page": true,
    "page": 1,
    "token_count": 78,
    "file_path": "src/mcp_doc_retriever/context7/pdf_extractor/input/BHT_CV32A65X.pdf",
    "extraction_date": "2025-04-21T00:00:00.000000",
    "source": "marker",
    "section_path": [
      "4.1.5.4. BHT (Branch History Table) submodule"
    ],
    "section_id": "7",
    "table_id": "table-001",
    "metadata": {
      "headers": [
        "Signal",
        "IO",
        "Description",
        "connection",
        "Type"
      ],
      "rows": [
        [
          "clk_i",
          "in",
          "Subsystem Clock",
          "SUBSYSTEM",
          "logic"
        ],
        [
          "rst_ni",
          "in",
          "Asynchronous reset active low",
          "SUBSYSTEM",
          "logic"
        ],
        [
          "vpc_i",
          "in",
          "Virtual PC",
          "CACHE",
          "logic[CVA6Cfg.VLEN-1:0]"
        ],
        [
          "bht_update_i",
          "in",
          "Update bht with resolved address",
          "EXECUTE",
          "bht_update_t"
        ],
        [
          "bht_prediction_o",
          "out",
          "Prediction from bht",
          "FRONTEND",
          "ariane_pkg::bht_prediction_t[CVA6Cfg.INSTR_PER_FETCH-1:0]"
        ]
      ]
    }
  },
  {
    "type": "text",
    "text": "Due to cv32a65x configuration, some ports are tied to a static value. These ports do not appear in the above table, they are listed below:",
    "page": 2,
    "token_count": 22,
    "file_path": "src/mcp_doc_retriever/context7/pdf_extractor/input/BHT_CV32A65X.pdf",
    "extraction_date": "2025-04-21T00:00:00.000000",
    "source": "marker",
    "section_path": [
      "4.1.5.4. BHT (Branch History Table) submodule"
    ],
    "section_id": "8"
  },
  {
    "type": "text",
    "text": "For any HW configuration:\n- flush_bp_i input is tied to 0",
    "page": 2,
    "token_count": 12,
    "file_path": "src/mcp_doc_retriever/context7/pdf_extractor/input/BHT_CV32A65X.pdf",
    "extraction_date": "2025-04-21T00:00:00.000000",
    "source": "marker",
    "section_path": [
      "4.1.5.4. BHT (Branch History Table) submodule"
    ],
    "section_id": "9"
  },
  {
    "type": "text",
    "text": "As DebugEn = False:\n- debug_mode_i input is tied to 0",
    "page": 2,
    "token_count": 11,
    "file_path": "src/mcp_doc_retriever/context7/pdf_extractor/input/BHT_CV32A65X.pdf",
    "extraction_date": "2025-04-21T00:00:00.000000",
    "source": "marker",
    "section_path": [
      "4.1.5.4. BHT (Branch History Table) submodule"
    ],
    "section_id": "10"
  },
  {
    "type": "heading",
    "level": 2,
    "text": "State Diagram",
    "page": 2,
    "token_count": 2,
    "file_path": "src/mcp_doc_retriever/context7/pdf_extractor/input/BHT_CV32A65X.pdf",
    "extraction_date": "2025-04-21T00:00:00.000000",
    "source": "marker",
    "section_path": [
      "4.1.5.4. BHT (Branch History Table) submodule",
      "State Diagram"
    ],
    "section_id": "11"
  },
  {
    "type": "text",
    "text": "The two-bit counter state diagram shows four states: strongly not taken, weakly not taken, weakly taken, and strongly taken. Transitions occur based on the actual branch outcome.",
    "page": 2,
    "token_count": 29,
    "file_path": "src/mcp_doc_retriever/context7/pdf_extractor/input/BHT_CV32A65X.pdf",
    "extraction_date": "2025-04-21T00:00:00.000000",
    "source": "marker",
    "section_path": [
      "4.1.5.4. BHT (Branch History Table) submodule",
      "State Diagram"
    ],
    "section_id": "12"
  }
]