{"collections": ["documents", "document_relationships"], "graph_name": "document_graph"}
